// Jest Snapshot v1, https://goo.gl/fbAQLP

exports[`Master renders properly 1`] = `
<styled.div>
  <h2>
    Dude, wft I am loading!
  </h2>
  <MyHeroes
    favouriteHeroes={Array []}
    onDelete={[Function]}
  />
</styled.div>
`;
